program:
  callable:[std/builtins.wo]gc.initialize;functionType:()=>voidType
(extern function)
  callable:[std/builtins.wo]gc.alloc;functionType:(u32Type,usizeType)=>ptrType
(extern function)
  callable:[std/builtins.wo]gc.store_field_ptr;functionType:(i32Type,ptrType,ptrType,ptrType)=>voidType
(extern function)
  callable:[test/programs/field-access.wo]_start;functionType:()=>voidType
    block: entry~504
      508~inst = new: classType:[test/programs/field-access.wo]Foo<>
      509~inst = call: callable:[test/programs/field-access.wo]Foo.constructor;methodType:classType:[test/programs/field-access.wo]Foo<>#()=>voidType with (runtime classType:[test/programs/field-access.wo]Foo<> 508~inst)
      510~inst = store: (variable baz) = (runtime classType:[test/programs/field-access.wo]Foo<> 508~inst)
      511~inst = load: (variable baz)
      512~inst = load: (field classType:[test/programs/field-access.wo]Foo<>#bar of (runtime classType:[test/programs/field-access.wo]Foo<> 511~inst))
      517~inst = (i32 123)
      518~inst = 512~inst == 517~inst
      br to next~521 if (runtime i32Type 518~inst); else to falsy~520
    block: falsy~520
      524~inst = unreachable
    block: next~521
      return (void)

  callable:[test/programs/field-access.wo]Foo.constructor;methodType:classType:[test/programs/field-access.wo]Foo<>#()=>voidType
    block: entry~526
      527~inst = load: (variable const compiler-generated)
      528~inst = load: (field classType:[test/programs/field-access.wo]Foo<>#bar of (runtime classType:[test/programs/field-access.wo]Foo<> 527~inst))
      533~inst = (i32 123)
      534~inst = store: (field classType:[test/programs/field-access.wo]Foo<>#bar of (runtime classType:[test/programs/field-access.wo]Foo<> 527~inst)) = (runtime i32Type 533~inst)
      return (void)

