program:
  callable:[std/builtins.wo]gc.initialize;functionType:()=>voidType
(extern function)
  callable:[std/builtins.wo]gc.alloc;functionType:(u32Type,usizeType)=>ptrType
(extern function)
  callable:[std/builtins.wo]gc.store_field_ptr;functionType:(i32Type,ptrType,ptrType,ptrType)=>voidType
(extern function)
  callable:[test/programs/heap.wo]_start;functionType:()=>voidType
    block: entry~460
      469~inst = (u32 100)
      471~inst = malloc: (runtime usizeType 469~inst)
      472~inst = ptrtoint: (runtime ptrType 471~inst)
      473~inst = store: (variable a) = (runtime usizeType 472~inst)
      474~inst = load: (variable a)
      476~inst = inttoptr: (runtime usizeType 474~inst) as ptrType
      free: (runtime ptrType 476~inst)
      return (void)

