; ModuleID = 'whacko'
source_filename = "whacko"
target triple = "wasm32-wasi"

declare void @__whacko_gc_initialize()

declare ptr @__whacko_gc_alloc(i32, i32)

declare void @__whacko_gc_store_field_ptr(i32, ptr, ptr, ptr)

define void @_start() gc "shadow-stack" {
entry:
  call void @__whacko_gc_initialize()
  %"generated-alloca~0" = alloca ptr, align 8
  call void @llvm.gcroot(ptr %"generated-alloca~0", ptr null)
  %"variable-a-alloca~1" = alloca ptr, align 8
  call void @llvm.gcroot(ptr %"variable-a-alloca~1", ptr null)
  %"generated-alloca~2" = alloca ptr, align 8
  call void @llvm.gcroot(ptr %"generated-alloca~2", ptr null)
  %"variable-b-alloca~3" = alloca ptr, align 8
  call void @llvm.gcroot(ptr %"variable-b-alloca~3", ptr null)
  %"generated-alloca~4" = alloca ptr, align 8
  call void @llvm.gcroot(ptr %"generated-alloca~4", ptr null)
  %"result~442" = call ptr @__whacko_gc_alloc(i32 1, i32 ptrtoint (ptr getelementptr ({ ptr, ptr, i32, i32, i32 }, ptr null, i32 1) to i32))
  store ptr %"result~442", ptr %"generated-alloca~0", align 8
  call void @"callable:[test/programs/implements.wo]MyClass.constructor;methodType:classType:[test/programs/implements.wo]MyClass<>#()=>voidType"(ptr %"result~442")
  store ptr %"result~442", ptr %"variable-a-alloca~1", align 8
  %"result~444" = call ptr @__whacko_gc_alloc(i32 2, i32 ptrtoint (ptr getelementptr ({ ptr, ptr, i32, i32, i32 }, ptr null, i32 1) to i32))
  store ptr %"result~444", ptr %"generated-alloca~2", align 8
  call void @"callable:[test/programs/implements.wo]MyOtherClass.constructor;methodType:classType:[test/programs/implements.wo]MyOtherClass<>#()=>voidType"(ptr %"result~444")
  store ptr %"result~444", ptr %"variable-b-alloca~3", align 8
  %"352~inst" = load ptr, ptr %"variable-a-alloca~1", align 8
  store ptr %"352~inst", ptr %"generated-alloca~4", align 8
  %"357~inst" = call i32 @useMyInterface(ptr %"352~inst")
  ret void
}

define void @"callable:[test/programs/implements.wo]MyClass.constructor;methodType:classType:[test/programs/implements.wo]MyClass<>#()=>voidType"(ptr %0) gc "shadow-stack" {
entry:
  %"generated-alloca~0" = alloca ptr, align 8
  call void @llvm.gcroot(ptr %"generated-alloca~0", ptr null)
  store ptr %0, ptr %"generated-alloca~0", align 8
  %"388~inst" = load ptr, ptr %"generated-alloca~0", align 8
  %"gep~445" = getelementptr { ptr, ptr, i32, i32, i32 }, ptr %"388~inst", i32 0, i32 4
  %"389~inst" = load i32, ptr %"gep~445", align 4
  %"gep~446" = getelementptr { ptr, ptr, i32, i32, i32 }, ptr %"388~inst", i32 0, i32 4
  store i32 42, ptr %"gep~446", align 4
  ret void
}

define void @"callable:[test/programs/implements.wo]MyOtherClass.constructor;methodType:classType:[test/programs/implements.wo]MyOtherClass<>#()=>voidType"(ptr %0) gc "shadow-stack" {
entry:
  %"generated-alloca~0" = alloca ptr, align 8
  call void @llvm.gcroot(ptr %"generated-alloca~0", ptr null)
  store ptr %0, ptr %"generated-alloca~0", align 8
  %"378~inst" = load ptr, ptr %"generated-alloca~0", align 8
  %"gep~447" = getelementptr { ptr, ptr, i32, i32, i32 }, ptr %"378~inst", i32 0, i32 4
  %"379~inst" = load i32, ptr %"gep~447", align 4
  %"gep~448" = getelementptr { ptr, ptr, i32, i32, i32 }, ptr %"378~inst", i32 0, i32 4
  store i32 42, ptr %"gep~448", align 4
  ret void
}

define i32 @useMyInterface(ptr %0) gc "shadow-stack" {
entry:
  %"generated-alloca~0" = alloca ptr, align 8
  call void @llvm.gcroot(ptr %"generated-alloca~0", ptr null)
  store ptr %0, ptr %"generated-alloca~0", align 8
  %"360~inst" = load ptr, ptr %"generated-alloca~0", align 8
  %"trampolineCall~449" = call ptr @"interfaceType:[test/programs/implements.wo]MyInterface<>#field"(ptr %"360~inst")
  %"361~inst" = load i32, ptr %"trampolineCall~449", align 4
  %"trampolineCall~450" = call ptr @"interfaceType:[test/programs/implements.wo]MyInterface<>#field"(ptr %"360~inst")
  store i32 0, ptr %"trampolineCall~450", align 4
  %"368~inst" = load ptr, ptr %"generated-alloca~0", align 8
  %"375~inst" = call i32 @"callable:[test/programs/implements.wo]MyInterface.method;methodType:interfaceType:[test/programs/implements.wo]MyInterface<>#(i64Type)=>i32Type"(ptr %"368~inst", i64 69)
  ret i32 %"375~inst"
}

define i32 @"callable:[test/programs/implements.wo]MyInterface.method;methodType:interfaceType:[test/programs/implements.wo]MyInterface<>#(i64Type)=>i32Type"(ptr %0, i64 %1) {
"entry~460":
  %"typeGEP~461" = getelementptr { ptr, ptr, i32, i32 }, ptr %0, i32 2
  %2 = load i32, ptr %"typeGEP~461", align 4
  switch i32 %2, label %"default~462" [
    i32 1, label %"callable:[test/programs/implements.wo]MyClass.method;methodType:classType:[test/programs/implements.wo]MyClass<>#(i64Type)=>i32Type"
    i32 2, label %"callable:[test/programs/implements.wo]MyOtherClass.method;methodType:classType:[test/programs/implements.wo]MyOtherClass<>#(i64Type)=>i32Type"
  ]

"default~462":                                    ; preds = %"entry~460"
  unreachable

"callable:[test/programs/implements.wo]MyClass.method;methodType:classType:[test/programs/implements.wo]MyClass<>#(i64Type)=>i32Type": ; preds = %"entry~460"
  %3 = call i32 @"callable:[test/programs/implements.wo]MyClass.method;methodType:classType:[test/programs/implements.wo]MyClass<>#(i64Type)=>i32Type"(ptr %0, i64 %1)
  ret i32 %3

"callable:[test/programs/implements.wo]MyOtherClass.method;methodType:classType:[test/programs/implements.wo]MyOtherClass<>#(i64Type)=>i32Type": ; preds = %"entry~460"
  %4 = call i32 @"callable:[test/programs/implements.wo]MyOtherClass.method;methodType:classType:[test/programs/implements.wo]MyOtherClass<>#(i64Type)=>i32Type"(ptr %0, i64 %1)
  ret i32 %4
}

define i32 @"callable:[test/programs/implements.wo]MyClass.method;methodType:classType:[test/programs/implements.wo]MyClass<>#(i64Type)=>i32Type"(ptr %0, i64 %1) gc "shadow-stack" {
entry:
  %"generated-alloca~0" = alloca ptr, align 8
  call void @llvm.gcroot(ptr %"generated-alloca~0", ptr null)
  store ptr %0, ptr %"generated-alloca~0", align 8
  %"generated-alloca~1" = alloca i64, align 8
  store i64 %1, ptr %"generated-alloca~1", align 4
  %"422~inst" = load ptr, ptr %"generated-alloca~0", align 8
  %"gep~451" = getelementptr { ptr, ptr, i32, i32, i32 }, ptr %"422~inst", i32 0, i32 4
  %"423~inst" = load i32, ptr %"gep~451", align 4
  %"424~inst" = load i64, ptr %"generated-alloca~1", align 4
  %"428~inst" = trunc i64 %"424~inst" to i32
  %"gep~452" = getelementptr { ptr, ptr, i32, i32, i32 }, ptr %"422~inst", i32 0, i32 4
  store i32 %"428~inst", ptr %"gep~452", align 4
  ret i32 2
}

define i32 @"callable:[test/programs/implements.wo]MyOtherClass.method;methodType:classType:[test/programs/implements.wo]MyOtherClass<>#(i64Type)=>i32Type"(ptr %0, i64 %1) gc "shadow-stack" {
entry:
  %"generated-alloca~0" = alloca ptr, align 8
  call void @llvm.gcroot(ptr %"generated-alloca~0", ptr null)
  store ptr %0, ptr %"generated-alloca~0", align 8
  %"generated-alloca~1" = alloca i64, align 8
  store i64 %1, ptr %"generated-alloca~1", align 4
  %"407~inst" = load ptr, ptr %"generated-alloca~0", align 8
  %"gep~453" = getelementptr { ptr, ptr, i32, i32, i32 }, ptr %"407~inst", i32 0, i32 4
  %"408~inst" = load i32, ptr %"gep~453", align 4
  %"409~inst" = load i64, ptr %"generated-alloca~1", align 4
  %"413~inst" = trunc i64 %"409~inst" to i32
  %"gep~454" = getelementptr { ptr, ptr, i32, i32, i32 }, ptr %"407~inst", i32 0, i32 4
  store i32 %"413~inst", ptr %"gep~454", align 4
  ret i32 1
}

; Function Attrs: nounwind
declare void @llvm.gcroot(ptr, ptr) #0

define ptr @"interfaceType:[test/programs/implements.wo]MyInterface<>#field"(ptr %0) {
"entry~455":
  %"typeGEP~456" = getelementptr { ptr, ptr, i32, i32 }, ptr %0, i32 2
  %1 = load i32, ptr %"typeGEP~456", align 4
  switch i32 %1, label %"default~457" [
    i32 1, label %"classType:[test/programs/implements.wo]MyClass<>"
    i32 2, label %"classType:[test/programs/implements.wo]MyOtherClass<>"
  ]

"default~457":                                    ; preds = %"entry~455"
  unreachable

"classType:[test/programs/implements.wo]MyClass<>": ; preds = %"entry~455"
  %"resultGEP~458" = getelementptr { ptr, ptr, i32, i32, i32 }, ptr %0, i32 2
  ret ptr %"resultGEP~458"

"classType:[test/programs/implements.wo]MyOtherClass<>": ; preds = %"entry~455"
  %"resultGEP~459" = getelementptr { ptr, ptr, i32, i32, i32 }, ptr %0, i32 2
  ret ptr %"resultGEP~459"
}

declare void @__whacko_gc_visit(ptr)

define void @__visit_whacko_object(ptr %0) {
"entry~463":
  %"typeGEP~465" = getelementptr { ptr, ptr, i32, i32 }, ptr %0, i32 2
  %1 = load i32, ptr %"typeGEP~465", align 4
  switch i32 %1, label %"unreachable~464" [
    i32 1, label %"classType:[test/programs/implements.wo]MyClass<>"
    i32 2, label %"classType:[test/programs/implements.wo]MyOtherClass<>"
    i32 3, label %"classType:[std/String.wo]String<>"
  ]

"unreachable~464":                                ; preds = %"entry~463"
  unreachable

"classType:[test/programs/implements.wo]MyClass<>": ; preds = %"entry~463"
  ret void

"classType:[test/programs/implements.wo]MyOtherClass<>": ; preds = %"entry~463"
  ret void

"classType:[std/String.wo]String<>":              ; preds = %"entry~463"
  ret void
}

attributes #0 = { nounwind }
