program:
  callable:[std/builtins.wo]gc.alloc;functionType:(u32Type,usizeType)=>ptrType
(extern function)
  callable:[std/builtins.wo]gc.store_field_ptr;functionType:(i32Type,ptrType,ptrType,ptrType)=>voidType
(extern function)
  callable:[test/programs/String.wo]_start;functionType:()=>voidType
    block: entry~480
      481~inst = (str "Hello world")
      482~inst = store: (variable a) = (runtime classType:[std/String.wo]String<> 481~inst)
      return (void)

