program:
  callable:[std/builtins.wo]gc.alloc;functionType:(u32Type,usizeType)=>ptrType
(extern function)
  callable:[std/builtins.wo]gc.store_field_ptr;functionType:(i32Type,ptrType,ptrType,ptrType)=>voidType
(extern function)
  callable:[test/programs/while.wo]_start;functionType:()=>voidType
    block: entry~14
      br to condition~16
    block: condition~16
      18~inst = load: (variable const cond)
      br to body~19 if (runtime boolType 18~inst); else to next~20
    block: body~19
      br to condition~23
    block: next~20
      return (void)
    block: condition~23
      25~inst = load: (variable a)
      27~inst = (i64 10)
      28~inst = 25~inst < 27~inst
      br to body~29 if (runtime i64Type 28~inst); else to next~30
    block: body~29
      32~inst = load: (variable a)
      33~inst = load: (variable a)
      34~inst = (i64 1)
      35~inst = 33~inst + 34~inst
      36~inst = store: (variable a) = (runtime i64Type 35~inst)
      br to condition~23
    block: next~30
      br to next~20
    block: unused~37
      br to condition~23
    block: unused~40
      br to condition~16

